<!DOCTYPE HTML PUBLIC "-//W3C//DTD HTML 4.01 Transitional//EN"
"http://www.w3.org/TR/html4/loose.dtd">
<html>
<head>
<meta content="text/html; charset=iso-8859-1" http-equiv="Content-Type">
<title>Notable New Yorkers</title>
<link href="../nny_styles.css" rel="stylesheet" type="text/css">
<script src="../nny.js" type="text/javascript"></script>
<script language="javascript">
function selectPerson(){                                                  
          var list = document.forms["select_newyorker"].nyer;                                
          var personValue = list.options[list.selectedIndex].value;            
          
          var htmlPage = "../" + personValue + "/index.html";                                                                          
          location.href=htmlPage;                                               
        } 
</script>
</head>
<body bgcolor="#FFFFFF">
<div align="center">
  <table border="0" cellpadding="0"  cellspacing="0"width="740">
  <tr>
  	<td height="5"><img src="../images/spacer.gif" alt=""></td>
  </tr>
  <tr>
  	<td height="15" class="text" align="left" valign="top">
	<!-- Begin Top -->
	<table width="100%" cellpadding="0" cellspacing="0" border="0">
	<tr>
		<td valign="top" align="left"><a href="../index.html" class="small">Home</a></td>
		<td valign="top" align="right" class="secondary">
		
		<form name="search" method="get" action="https://fulltext.cul.columbia.edu/nny">
		Search transcripts: 
		<input type="hidden" name="page" value="1">
		<input type="hidden" name="per_page" value="25">
		<input type="hidden" name="action" value="search">
		<input class="form" type="text" name="q" value=" Enter keywords">
		<input onClick="selectinterviewee()" class="form" type="submit" value="go">
		&nbsp;&nbsp;&nbsp;<a href="../search.html">Advanced Search</a>
		</form>
		</td>
	</tr>
	</table>
	<!-- End Top -->
	</td>
  </tr>
  <tr>
  	<td height="15"><img src="../images/spacer.gif" alt=""></td>
  </tr>
  <tr>
  	<td align="left">
	<!-- Begin Header -->
	<a href="../index.html"><img src="../images/notable_new_yorkers.gif" alt="Notable New Yorkers" title="Notable New Yorkers" border="0"></a>
	<!-- End Header -->
	</td>
  </tr>
  <tr>
  	<td height="20"><img src="../images/spacer.gif" alt=""></td>
  </tr>
  <tr>
  	<td align="left">
	<!-- Begin Select Notable New Yorker -->
	<img src="../images/select_notable_new_yorker.gif" alt="Select Notable New Yorker" title="Select Notable New Yorker"><br>	<form name="select_newyorker" style="display:inline ">
	<select name="nyer" class="sidebar">
		<option value="" selected>Select one</option>
		<OPTION value="cerfb">Bennett Cerf</OPTION>
		<OPTION value="clarkk">Kenneth Clark</OPTION>
		<OPTION value="clarkm">Mamie Clark</OPTION>
		<OPTION value="fonerm">Moe Foner</OPTION>
		<OPTION value="heiskella">Andrew Heiskell</OPTION>
		<OPTION value="koche">Edward I. Koch</OPTION>
		<OPTION value="laskerm">Mary Lasker</OPTION>
		<OPTION value="oakesjb">John B. Oakes</OPTION>
		<OPTION value="perkinsf">Frances Perkins</OPTION>
		<OPTION value="stantonf">Frank Stanton</OPTION>
		
	</select> <input onClick="selectPerson()" class="form" type="button" value="go">
	</form>
	<!-- End Select Notable New Yorker -->
	</td>
  </tr>	
  <tr>
  	<td valign="top">
	<!-- Begin Content -->
	<table border="0" cellpadding="0" cellspacing="0">
	<tr>
		<td height="15" colspan="4"><img src="../images/spacer.gif" alt=""></td>
	</tr>
	<tr>
		<td width="200"><a href="index.html"><img src="../images/name_cerf.gif" width="200" height="125" border="0" alt="Bennett Cerf"></a></td>
		<td width="15"><img src="../images/spacer.gif" alt=""></td>
		<td width="138" valign="top" align="left"><img src="../images/photo_cerf_s.jpg" alt="Bennett Cerf"></td>
		<td width="387" align="right" valign="bottom"><div class="secondary"><a href="javascript:photoWindow('../help.html#audio',500,410)">Audio help</a>&nbsp;&nbsp;&nbsp;&nbsp;&nbsp;&nbsp;&nbsp;<img src="../images/icon_print.gif" alt=""><a href="javascript:printPage()">Print page</a></div></td>
	</tr>
	</table>

	<table cellpadding="0" cellspacing="0" border="0">
	<tr>
		<td width="200" valign="top">
		<table width="100%" cellpadding="0" cellspacing="0" border="0">
		<tr>
			<td align="left"><img src="../images/b_corner_tl.gif" alt=""></td>
			<td bgcolor="#F2E6CE"><img src="../images/spacer.gif" alt=""></td>
			<td align="right"><img src="../images/b_corner_tr.gif" alt=""></td>
		</tr>
		<tr bgcolor="#F2E6CE">
			<td><img src="../images/spacer.gif" alt=""></td>
			<td>
			<table cellpadding="0" cellspacing="0" border="0">
			<tr>
				<td><a href="introduction.html"><img src="../images/n_introduction.gif" alt="Introduction" border="0"></a></td>
			</tr>
			<tr>
				<td><a href="profile.html"><img src="../images/n_profile.gif" alt="Profile" border="0"></a></td>
			</tr>
			<tr>
				<td><a href="photo_gallery.html"><img src="../images/n_photo_gallery.gif" alt="Photo Gallery" border="0"></a></td>
			</tr>
			<tr>
				<td><a href="audio_transcript.html"><img src="../images/n_audio_and_transcript_on.gif" alt="Audio and Transcript" border="0"></a></td>
			</tr>
			<tr>
				<td><a href="toc.html"><img src="../images/n_table_of_contents.gif" alt="Table of Contents" border="0"></a></td>
			</tr>
			<tr>
				<td><a href="index_names.html"><img src="../images/n_index_of_names.gif" alt="Index of Names" border="0"></a></td>
			</tr>
			</table>
			</td>
			<td><img src="../images/spacer.gif" alt=""></td>
		</tr>
		<tr>
			<td align="left"><img src="../images/b_corner_bl.gif" alt=""></td>
			<td bgcolor="#F2E6CE"><img src="../images/spacer.gif" alt=""></td>
			<td align="right"><img src="../images/b_corner_br.gif" alt=""></td>
		</tr>
		</table>
		</td>
		<td width="15"><img src="../images/spacer.gif" alt=""></td>
		<td width="525" valign="top" align="left">
		<img src="../images/t_audio_and_transcript.gif" alt="Audio and Transcript" title="Audio and Transcript"><p class="copy">The streaming audio interviews below are segmented  by session. Sessions range from approximately 50 to 100 minutes in length.  You will need the free RealPlayer software to listen to these interviews.  <a href="http://www.real.com" class="small" target="_blank">Download RealPlayer now</a>
.</p>
<p>
<a href="javascript:photoWindow('abstract.html',500,410)" class="small">View abstract</a>
</p>
		</td>
	</tr>
	</table>
	<!-- Begin Sessions -->
	<table cellpadding="0" cellspacing="0" border="0">
	<tr>
		<td width="200" valign="top"><img src="../images/spacer.gif" alt=""></td>
		<td width="15" valign="top"><img src="../images/spacer.gif" alt=""></td>
		<td width="525" valign="top" align="left">
		<table cellpadding="0" cellspacing="0" border="0">
		<tr>
		  <td valign="top">
		  <br><p><b>Session 1, September 20, 1967</b><br>
		  
		  <table cellpadding="0" cellspacing="0" border="0">
		  <tr>
		  	<td class="text" valign="top"><img src="../images/icon_text.gif" alt=""><a href="transcripts/cerfb_1_1_1.html" class="small">Read transcript</a></td>
			<td width="20" valign="top"><img src="../images/spacer.gif" alt=""></td>
			<td class="text" valign="top"><img src="../images/icon_audio.gif" alt=""><a href="http://media.cc.columbia.edu:8080/ramgen/cul/ohro/cerfb/cerfb_audio_01.rm" class="small">Listen to audio</a></td>
		   </tr>
		  </table>
		  </p>
		  </td>
		</tr>		
		<tr>
			<td height="15"><img src="../images/spacer.gif" alt=""></td>
		</tr>
		<tr>
		  <td valign="top">
		  <p><b>Session 2, Undated</b><br>
		  
		  <table cellpadding="0" cellspacing="0" border="0">
		  <tr>
		  	<td class="text" valign="top"><img src="../images/icon_text.gif" alt=""><a href="transcripts/cerfb_1_2_48.html" class="small">Read transcript</a></td>
			<td width="20" valign="top"><img src="../images/spacer.gif" alt=""></td>
			<td class="text" valign="top"><img src="../images/icon_audio.gif" alt=""><a href="http://media.cc.columbia.edu:8080/ramgen/cul/ohro/cerfb/cerfb_audio_02.rm" class="small">Listen to audio</a></td>
		   </tr>
		  </table>
		  </p>
		  </td>
		</tr>		
		<tr>
			<td height="15"><img src="../images/spacer.gif" alt=""></td>
		</tr>
		<tr>
		  <td valign="top">
		  <p><b>Session 3, Undated</b><br>
		  
		  <table cellpadding="0" cellspacing="0" border="0">
		  <tr>
		  	<td class="text" valign="top"><img src="../images/icon_text.gif" alt=""><a href="transcripts/cerfb_1_3_108.html" class="small">Read transcript</a></td>
			<td width="20" valign="top"><img src="../images/spacer.gif" alt=""></td>
			<td class="text" valign="top"><img src="../images/icon_audio.gif" alt=""><a href="http://media.cc.columbia.edu:8080/ramgen/cul/ohro/cerfb/cerfb_audio_03.rm" class="small">Listen to audio</a></td>
		  </tr>
		  </table>
		  </p>
		  </td>
		</tr>
		<tr>
			<td height="15"><img src="../images/spacer.gif" alt=""></td>
		</tr>
		<tr>
		  <td valign="top">
		  <p><b>Session 4, October 4, 1967</b><br>
		  
		  <table cellpadding="0" cellspacing="0" border="0">
		  <tr>
		  	<td class="text" valign="top"><img src="../images/icon_text.gif" alt=""><a href="transcripts/cerfb_1_4_157.html" class="small">Read transcript</a></td>
			<td width="20" valign="top"><img src="../images/spacer.gif" alt=""></td>
			<td class="text" valign="top"><img src="../images/icon_audio.gif" alt=""><a href="http://media.cc.columbia.edu:8080/ramgen/cul/ohro/cerfb/cerfb_audio_04.rm" class="small">Listen to audio</a></td>
		  </tr>
		  </table>
		  </p>
		  </td>
		</tr>		
		<tr>
			<td height="15"><img src="../images/spacer.gif" alt=""></td>
		</tr>
		<tr>
		  <td valign="top">
		  <p><b>Session 5, October 19, 1967</b><br>
		  
		  <table cellpadding="0" cellspacing="0" border="0">
		  <tr>
		  	<td class="text" valign="top"><img src="../images/icon_text.gif" alt=""><a href="transcripts/cerfb_1_5_206.html" class="small">Read transcript</a></td>
			<td width="20" valign="top"><img src="../images/spacer.gif" alt=""></td>
			<td class="text" valign="top"><img src="../images/icon_audio.gif" alt=""><a href="http://media.cc.columbia.edu:8080/ramgen/cul/ohro/cerfb/cerfb_audio_05.rm" class="small">Listen to audio</a></td>
		  </tr>
		  </table>
		  </p>
		  </td>
		</tr>
		<tr>
			<td height="15"><img src="../images/spacer.gif" alt=""></td>
		</tr>		
		<tr>
		  <td valign="top">
		  <p><b>Session 6, October 23, 1967</b><br>
		  
		  <table cellpadding="0" cellspacing="0" border="0">
		  <tr>
		  	<td class="text" valign="top"><img src="../images/icon_text.gif" alt=""><a href="transcripts/cerfb_1_6_243.html" class="small">Read transcript</a></td>
			<td width="20" valign="top"><img src="../images/spacer.gif" alt=""></td>
			<td class="text" valign="top"><img src="../images/icon_audio.gif" alt=""><a href="http://media.cc.columbia.edu:8080/ramgen/cul/ohro/cerfb/cerfb_audio_06.rm" class="small">Listen to audio</a></td>
		  </tr>
		  </table>
		  </p>
		  </td>
		</tr>
		<tr>
			<td height="15"><img src="../images/spacer.gif" alt=""></td>
		</tr>
		<tr>
		  <td valign="top">
		  <p><b>Session 7, October 31, 1967</b><br>
		  
		  <table cellpadding="0" cellspacing="0" border="0">
		  <tr>
		  	<td class="text" valign="top"><img src="../images/icon_text.gif" alt=""><a href="transcripts/cerfb_1_7_288.html" class="small">Read transcript</a></td>
			<td width="20" valign="top"><img src="../images/spacer.gif" alt=""></td>
			<td class="text" valign="top"><img src="../images/icon_audio.gif" alt=""><a href="http://media.cc.columbia.edu:8080/ramgen/cul/ohro/cerfb/cerfb_audio_07.rm" class="small">Listen to audio</a></td>
		  </tr>
		  </table>
		  </p>
		  </td>
		</tr>
		<tr>
			<td height="15"><img src="../images/spacer.gif" alt=""></td>
		</tr>
		<tr>
		  <td valign="top">
		  <p><b>Session 8, November 7, 1967</b><br>
		  
		  <table cellpadding="0" cellspacing="0" border="0">
		  <tr>
		  	<td class="text" valign="top"><img src="../images/icon_text.gif" alt=""><a href="transcripts/cerfb_1_8_337.html" class="small">Read transcript</a></td>
			<td width="20" valign="top"><img src="../images/spacer.gif" alt=""></td>
			<td class="text" valign="top"><img src="../images/icon_audio.gif" alt=""><a href="http://media.cc.columbia.edu:8080/ramgen/cul/ohro/cerfb/cerfb_audio_08.rm" class="small">Listen to audio</a></td>
		  </tr>
		  </table>
		  </p>
		  </td>
		</tr>
		<tr>
			<td height="15"><img src="../images/spacer.gif" alt=""></td>
		</tr>
		<tr>
		  <td valign="top">
		  <p><b>Session 9, November 10, 1967</b><br>
		  
		  <table cellpadding="0" cellspacing="0" border="0">
		  <tr>
		  	<td class="text" valign="top"><img src="../images/icon_text.gif" alt=""><a href="transcripts/cerfb_1_9_395.html" class="small">Read transcript</a></td>
			<td width="20" valign="top"><img src="../images/spacer.gif" alt=""></td>
			<td class="text" valign="top"><img src="../images/icon_audio.gif" alt=""><a href="http://media.cc.columbia.edu:8080/ramgen/cul/ohro/cerfb/cerfb_audio_09.rm" class="small">Listen to audio</a></td>
		  </tr>
		  </table>
		  </p>
		  </td>
		</tr>
		<tr>
			<td height="15"><img src="../images/spacer.gif" alt=""></td>
		</tr>
		<tr>
		  <td valign="top">
		  <p><b>Session 10, January 5, 1968</b><br>
		  
		  <table cellpadding="0" cellspacing="0" border="0">
		  <tr>
		  	<td class="text" valign="top"><img src="../images/icon_text.gif" alt=""><a href="transcripts/cerfb_1_10_424.html" class="small">Read transcript</a></td>
			<td width="20" valign="top"><img src="../images/spacer.gif" alt=""></td>
			<td class="text" valign="top"><img src="../images/icon_audio.gif" alt=""><a href="http://media.cc.columbia.edu:8080/ramgen/cul/ohro/cerfb/cerfb_audio_10.rm" class="small">Listen to audio</a></td>
		  </tr>
		  </table>
		  </p>
		  </td>
		</tr>
		<tr>
			<td height="15"><img src="../images/spacer.gif" alt=""></td>
		</tr>
		<tr>
		  <td valign="top">
		  <p><b>Session 11, January 8, 1968</b><br>
		  
		  <table cellpadding="0" cellspacing="0" border="0">
		  <tr>
		  	<td class="text" valign="top"><img src="../images/icon_text.gif" alt=""><a href="transcripts/cerfb_1_11_465.html" class="small">Read transcript</a></td>
			<td width="20" valign="top"><img src="../images/spacer.gif" alt=""></td>
			<td class="text" valign="top"><img src="../images/icon_audio.gif" alt=""><a href="http://media.cc.columbia.edu:8080/ramgen/cul/ohro/cerfb/cerfb_audio_11.rm" class="small">Listen to audio</a></td>
		  </tr>
		  </table>
		  </p>
		  </td>
		</tr>
		<tr>
			<td height="15"><img src="../images/spacer.gif" alt=""></td>
		</tr>
		<tr>
		  <td valign="top">
		  <p><b>Session 12, January 10, 1968</b><br>
		  
		  <table cellpadding="0" cellspacing="0" border="0">
		  <tr>
		  	<td class="text" valign="top"><img src="../images/icon_text.gif" alt=""><a href="transcripts/cerfb_1_12_513.html" class="small">Read transcript</a></td>
			<td width="20" valign="top"><img src="../images/spacer.gif" alt=""></td>
			<td class="text" valign="top"><img src="../images/icon_audio.gif" alt=""><a href="http://media.cc.columbia.edu:8080/ramgen/cul/ohro/cerfb/cerfb_audio_12.rm" class="small">Listen to audio</a></td>
		  </tr>
		  </table>
		  </p>
		  </td>
		</tr>
		<tr>
			<td height="15"><img src="../images/spacer.gif" alt=""></td>
		</tr>
		<tr>
		  <td valign="top">
		  <p><b>Session 13, January 12, 1968</b><br>
		  
		  <table cellpadding="0" cellspacing="0" border="0">
		  <tr>
		  	<td class="text" valign="top"><img src="../images/icon_text.gif" alt=""><a href="transcripts/cerfb_1_13_560.html" class="small">Read transcript</a></td>
			<td width="20" valign="top"><img src="../images/spacer.gif" alt=""></td>
			<td class="text" valign="top"><img src="../images/icon_audio.gif" alt=""><a href="http://media.cc.columbia.edu:8080/ramgen/cul/ohro/cerfb/cerfb_audio_13.rm" class="small">Listen to audio</a></td>
		  </tr>
		  </table>
		  </p>
		  </td>
		</tr>
		<tr>
			<td height="15"><img src="../images/spacer.gif" alt=""></td>
		</tr>
		<tr>
		  <td valign="top">
		  <p><b>Session 14, January 16, 1968</b><br>
		  
		  <table cellpadding="0" cellspacing="0" border="0">
		  <tr>
		  	<td class="text" valign="top"><img src="../images/icon_text.gif" alt=""><a href="transcripts/cerfb_1_14_614.html" class="small">Read transcript</a></td>
			<td width="20" valign="top"><img src="../images/spacer.gif" alt=""></td>
			<td class="text" valign="top"><img src="../images/icon_audio.gif" alt=""><a href="http://media.cc.columbia.edu:8080/ramgen/cul/ohro/cerfb/cerfb_audio_14.rm" class="small">Listen to audio</a></td>
		  </tr>
		  </table>
		  </p>
		  </td>
		</tr>
		<tr>
			<td height="15"><img src="../images/spacer.gif" alt=""></td>
		</tr>
		<tr>
		  <td valign="top">
		  <p><b>Session 15, January 18, 1968</b><br>
		  
		  <table cellpadding="0" cellspacing="0" border="0">
		  <tr>
		  	<td class="text" valign="top"><img src="../images/icon_text.gif" alt=""><a href="transcripts/cerfb_1_15_661.html" class="small">Read transcript</a></td>
			<td width="20" valign="top"><img src="../images/spacer.gif" alt=""></td>
			<td class="text" valign="top"><img src="../images/icon_audio.gif" alt=""><a href="http://media.cc.columbia.edu:8080/ramgen/cul/ohro/cerfb/cerfb_audio_15.rm" class="small">Listen to audio</a></td>
		  </tr>
		  </table>
		  </p>
		  </td>
		</tr>
		<tr>
			<td height="15"><img src="../images/spacer.gif" alt=""></td>
		</tr>
		<tr>
		  <td valign="top">
		  <p><b>Session 16, January 23, 1968</b><br>
		  
		  <table cellpadding="0" cellspacing="0" border="0">
		  <tr>
		  	<td class="text" valign="top"><img src="../images/icon_text.gif" alt=""><a href="transcripts/cerfb_1_16_710.html" class="small">Read transcript</a></td>
			<td width="20" valign="top"><img src="../images/spacer.gif" alt=""></td>
			<td class="text" valign="top"><img src="../images/icon_audio.gif" alt=""><a href="http://media.cc.columbia.edu:8080/ramgen/cul/ohro/cerfb/cerfb_audio_16.rm" class="small">Listen to audio</a></td>
		  </tr>
		  </table>
		  </p>
		  </td>
		</tr>
		<tr>
			<td height="15"><img src="../images/spacer.gif" alt=""></td>
		</tr>
		<tr>
		  <td valign="top">
		  <p><b>Session 17, January 30, 1968</b><br>
		  
		  <table cellpadding="0" cellspacing="0" border="0">
		  <tr>
		  	<td class="text" valign="top"><img src="../images/icon_text.gif" alt=""><a href="transcripts/cerfb_1_17_766.html" class="small">Read transcript</a></td>
			<td width="20" valign="top"><img src="../images/spacer.gif" alt=""></td>
			<td class="text" valign="top"><img src="../images/icon_audio.gif" alt=""><a href="http://media.cc.columbia.edu:8080/ramgen/cul/ohro/cerfb/cerfb_audio_17.rm" class="small">Listen to audio</a></td>
		  </tr>
		  </table>
		  </p>
		  </td>
		</tr>
		<tr>
			<td height="15"><img src="../images/spacer.gif" alt=""></td>
		</tr>
		<tr>
		  <td valign="top">
		 <p><b>Session 18, February 1, 1968</b><br>
		  
		  <table cellpadding="0" cellspacing="0" border="0">
		  <tr>
		  	<td class="text" valign="top"><img src="../images/icon_text.gif" alt=""><a href="transcripts/cerfb_1_18_809.html" class="small">Read transcript</a></td>
			<td width="20" valign="top"><img src="../images/spacer.gif" alt=""></td>
			<td class="text" valign="top"><img src="../images/icon_audio.gif" alt=""><a href="http://media.cc.columbia.edu:8080/ramgen/cul/ohro/cerfb/cerfb_audio_18.rm" class="small">Listen to audio</a></td>
		  </tr>
		  </table>
		  </p>
		  </td>
		</tr>
		<tr>
			<td height="15"><img src="../images/spacer.gif" alt=""></td>
		</tr>
		<tr>
		  <td valign="top">
		 <p><b>Session 19, February 5, 1968</b><br>
		  
		  <table cellpadding="0" cellspacing="0" border="0">
		  <tr>
		  	<td class="text" valign="top"><img src="../images/icon_text.gif" alt=""><a href="transcripts/cerfb_1_19_865.html" class="small">Read transcript</a></td>
			<td width="20" valign="top"><img src="../images/spacer.gif" alt=""></td>
			<td class="text" valign="top"><img src="../images/icon_audio.gif" alt=""><a href="http://media.cc.columbia.edu:8080/ramgen/cul/ohro/cerfb/cerfb_audio_19.rm" class="small">Listen to audio</a></td>
		  </tr>
		  </table>
		  </p>
		  </td>
		</tr>
		<tr>
			<td height="15"><img src="../images/spacer.gif" alt=""></td>
		</tr>
		<tr>
		  <td valign="top">
		 <p><b>Session 20, February 7, 1968</b><br>
		  
		  <table cellpadding="0" cellspacing="0" border="0">
		  <tr>
		  	<td class="text" valign="top"><img src="../images/icon_text.gif" alt=""><a href="transcripts/cerfb_1_20_922.html" class="small">Read transcript</a></td>
			<td width="20" valign="top"><img src="../images/spacer.gif" alt=""></td>
			<td class="text" valign="top"><img src="../images/icon_audio.gif" alt=""><a href="http://media.cc.columbia.edu:8080/ramgen/cul/ohro/cerfb/cerfb_audio_20.rm" class="small">Listen to audio</a></td>
		  </tr>
		  </table>
		  </p>
		  </td>
		</tr>
		<tr>
			<td height="15"><img src="../images/spacer.gif" alt=""></td>
		</tr>
		<tr>
		  <td valign="top">
		 <p><b>Session 21, February 8, 1968</b><br>
		  
		  <table cellpadding="0" cellspacing="0" border="0">
		  <tr>
		  	<td class="text" valign="top"><img src="../images/icon_text.gif" alt=""><a href="transcripts/cerfb_1_21_974.html" class="small">Read transcript</a></td>
			<td width="20" valign="top"><img src="../images/spacer.gif" alt=""></td>
			<td class="text" valign="top"><img src="../images/icon_audio.gif" alt=""><a href="http://media.cc.columbia.edu:8080/ramgen/cul/ohro/cerfb/cerfb_audio_21.rm" class="small">Listen to audio</a></td>
		  </tr>
		  </table>
		  <br></p>
		  </td>
		</tr>
		<tr>
			<td height="15"><img src="../images/spacer.gif" alt=""></td>
		</tr>
		
		</table>
		</td>
	</tr>
	</table>
	<!-- End Sessions -->
	
	<!-- End Content -->
	</td>
  </tr>	
  <tr>
  	<td align="left">
	<!-- Begin Footer -->
	<p class="copy">&copy; 2006 <a href="http://library.columbia.edu/" target="_blank">Columbia University Libraries</a> | <a href="http://library.columbia.edu/indiv/ohro.html" target="_blank">Oral History Research Office</a>
 | <a href="javascript:photoWindow('../terms.html',500,410)">Rights and Permissions</a> | <a href="javascript:photoWindow('../help.html',500,410)">Help</a></p>

	<br><br><!-- End Footer -->
	</td>
  </tr>
  </table>	
</div>
</body>
</html>
